
> frontend@0.0.0 build
> tsc -b && vite build

src/components/VoiceAssistantWidget.tsx(43,46): error TS6133: 'user' is declared but its value is never read.
src/pages/AdminDashboard.tsx(1,1): error TS6133: 'motion' is declared but its value is never read.
src/pages/AdminDashboard.tsx(6,5): error TS6133: 'ChevronRight' is declared but its value is never read.
src/pages/AdminDashboard.tsx(6,52): error TS6133: 'Trash2' is declared but its value is never read.
src/pages/AdminDashboard.tsx(8,10): error TS6133: 'Edit' is declared but its value is never read.
src/pages/AdminDashboard.tsx(8,28): error TS6133: 'X' is declared but its value is never read.
src/pages/AdminDashboard.tsx(8,44): error TS6133: 'Sun' is declared but its value is never read.
src/pages/AdminDashboard.tsx(8,49): error TS6133: 'CloudRain' is declared but its value is never read.
src/pages/AdminDashboard.tsx(9,5): error TS6133: 'Wind' is declared but its value is never read.
src/pages/AdminDashboard.tsx(9,11): error TS6133: 'Thermometer' is declared but its value is never read.
src/pages/AdminDashboard.tsx(9,24): error TS6133: 'Droplets' is declared but its value is never read.
src/pages/AdminDashboard.tsx(9,46): error TS6133: 'TrendingDown' is declared but its value is never read.
src/pages/AdminDashboard.tsx(10,13): error TS6133: 'Phone' is declared but its value is never read.
src/pages/AdminDashboard.tsx(10,20): error TS6133: 'Mail' is declared but its value is never read.
src/pages/AdminDashboard.tsx(10,26): error TS6133: 'Calendar' is declared but its value is never read.
src/pages/AdminDashboard.tsx(10,43): error TS6133: 'Award' is declared but its value is never read.
src/pages/AdminDashboard.tsx(10,50): error TS6133: 'Target' is declared but its value is never read.
src/pages/AdminDashboard.tsx(11,25): error TS6133: 'LineChart' is declared but its value is never read.
src/pages/AdminDashboard.tsx(11,36): error TS6133: 'UserCheck' is declared but its value is never read.
src/pages/AdminDashboard.tsx(11,47): error TS6133: 'UserX' is declared but its value is never read.
src/pages/CoordinatorDashboard.tsx(1,1): error TS6133: 'motion' is declared but its value is never read.
src/pages/CoordinatorDashboard.tsx(5,37): error TS6133: 'CheckCircle2' is declared but its value is never read.
src/pages/CoordinatorDashboard.tsx(5,51): error TS6133: 'XCircle' is declared but its value is never read.
src/pages/CoordinatorDashboard.tsx(6,5): error TS6133: 'ChevronRight' is declared but its value is never read.
src/pages/CoordinatorDashboard.tsx(6,52): error TS6133: 'Trash2' is declared but its value is never read.
src/pages/CoordinatorDashboard.tsx(7,20): error TS6133: 'Sun' is declared but its value is never read.
src/pages/CoordinatorDashboard.tsx(7,25): error TS6133: 'CloudRain' is declared but its value is never read.
src/pages/CoordinatorDashboard.tsx(7,42): error TS6133: 'Thermometer' is declared but its value is never read.
src/pages/CoordinatorDashboard.tsx(8,5): error TS6133: 'TrendingUp' is declared but its value is never read.
src/pages/CoordinatorDashboard.tsx(8,17): error TS6133: 'TrendingDown' is declared but its value is never read.
src/pages/CoordinatorDashboard.tsx(8,31): error TS6133: 'AlertTriangle' is declared but its value is never read.
src/pages/CoordinatorDashboard.tsx(8,46): error TS6133: 'Eye' is declared but its value is never read.
src/pages/CoordinatorDashboard.tsx(9,5): error TS6133: 'MessageSquare' is declared but its value is never read.
src/pages/CoordinatorDashboard.tsx(9,20): error TS6133: 'Settings' is declared but its value is never read.
src/pages/CoordinatorDashboard.tsx(9,30): error TS6133: 'Map' is declared but its value is never read.
src/pages/CoordinatorDashboard.tsx(9,35): error TS6133: 'Calendar' is declared but its value is never read.
src/pages/CoordinatorDashboard.tsx(9,45): error TS6133: 'Clock' is declared but its value is never read.
src/pages/CoordinatorDashboard.tsx(9,52): error TS6133: 'Award' is declared but its value is never read.
src/pages/CropAdvisoryPage.tsx(88,7): error TS6133: 'riskColors' is declared but its value is never read.
src/pages/CropAdvisoryPage.tsx(98,7): error TS6133: 'riskIcon' is declared but its value is never read.
src/pages/Dashboard.tsx(11,1): error TS6133: 'InteractiveWeatherMap' is declared but its value is never read.
src/pages/Dashboard.tsx(666,7): error TS6133: 'ImageMonitoringCard' is declared but its value is never read.
src/pages/Dashboard.tsx(681,7): error TS6133: 'ActivityCard' is declared but its value is never read.
src/pages/FindLaborPage.tsx(6,22): error TS6133: 'Filter' is declared but its value is never read.
src/pages/ForecastModels.tsx(7,48): error TS6133: 'Sprout' is declared but its value is never read.
src/pages/LaborDashboard.tsx(1,1): error TS6192: All imports in import declaration are unused.
src/pages/LaborDashboard.tsx(5,19): error TS6133: 'Phone' is declared but its value is never read.
src/pages/LaborDashboard.tsx(6,19): error TS6133: 'Clock' is declared but its value is never read.
src/pages/LaborDashboard.tsx(6,26): error TS6133: 'Map' is declared but its value is never read.
src/pages/LaborDashboard.tsx(6,31): error TS6133: 'PhoneCall' is declared but its value is never read.
src/pages/LaborDashboard.tsx(6,59): error TS6133: 'RefreshCcw' is declared but its value is never read.
src/pages/LaborDashboard.tsx(7,27): error TS6133: 'TrendingUp' is declared but its value is never read.
src/pages/LaborDashboard.tsx(7,45): error TS6133: 'MessageSquare' is declared but its value is never read.
src/pages/LaborDashboard.tsx(7,60): error TS6133: 'Bell' is declared but its value is never read.
src/pages/LaborDashboard.tsx(8,5): error TS6133: 'Search' is declared but its value is never read.
src/pages/LaborDashboard.tsx(8,13): error TS6133: 'Filter' is declared but its value is never read.
src/pages/LaborDashboard.tsx(8,21): error TS6133: 'Eye' is declared but its value is never read.
src/pages/LaborDashboard.tsx(8,26): error TS6133: 'Settings' is declared but its value is never read.
src/pages/LaborDashboard.tsx(8,36): error TS6133: 'Award' is declared but its value is never read.
src/pages/LaborDashboard.tsx(17,12): error TS6133: 'error' is declared but its value is never read.
src/pages/LaborDashboard.tsx(20,28): error TS6133: 'setMyApplications' is declared but its value is never read.
src/pages/LaborProfileDetail.tsx(6,5): error TS6133: 'CheckCircle2' is declared but its value is never read.
src/pages/LaborProfileDetail.tsx(6,48): error TS6133: 'Mail' is declared but its value is never read.
src/pages/LaborRegisterPage.tsx(4,18): error TS6133: 'Eye' is declared but its value is never read.
src/pages/LaborRegisterPage.tsx(4,23): error TS6133: 'EyeOff' is declared but its value is never read.
src/pages/LaborRegisterPage.tsx(17,26): error TS6133: 'setShowPassword' is declared but its value is never read.
src/pages/LandingPage.tsx(62,21): error TS6133: 'number' is declared but its value is never read.
src/pages/RiskAnalytics.tsx(6,54): error TS6133: 'Sprout' is declared but its value is never read.
